[Thu Apr 23 16:09:16 2026] Application started
[Thu Apr 23 20:08:48 2026] Application started
[Thu Apr 23 20:09:11 2026] User registered: irfan
[Thu Apr 23 20:09:27 2026] User registered: noor
[Thu Apr 23 20:09:34 2026] User logged in: irfan
[Thu Apr 23 20:09:47 2026] Message sent in private chat
[Thu Apr 23 20:09:53 2026] User logged out
[Thu Apr 23 20:09:58 2026] User logged in: noor
[Thu Apr 23 20:10:25 2026] Message sent in private chat
[Thu Apr 23 20:11:18 2026] Message sent in private chat
[Thu Apr 23 20:11:21 2026] User logged out
[Thu Apr 23 20:11:28 2026] User logged in: irfan
[Thu Apr 23 20:12:04 2026] Message sent in private chat
[Thu Apr 23 20:55:02 2026] Application started
[Thu Apr 23 20:55:17 2026] User logged in: irfan
[Thu Apr 23 20:56:20 2026] Application started
[Thu Apr 23 20:56:56 2026] User registered: sadik
[Thu Apr 23 20:57:09 2026] User logged in: sadik
[Thu Apr 23 20:57:19 2026] User logged out
[Thu Apr 23 20:57:30 2026] User registered: mawa
[Thu Apr 23 20:57:52 2026] User registered: jannat
[Thu Apr 23 20:58:21 2026] User logged in: mawa
[Thu Apr 23 20:58:37 2026] Message sent in private chat
[Thu Apr 23 20:58:51 2026] User logged out
[Thu Apr 23 20:59:02 2026] User logged in: noor
[Thu Apr 23 20:59:22 2026] Message sent in private chat
[Thu Apr 23 21:02:15 2026] Application started
[Thu Apr 23 21:02:33 2026] User logged in: irfan
[Thu Apr 23 21:05:02 2026] Application started
[Thu Apr 23 21:05:11 2026] User logged in: irfan
[Thu Apr 23 21:05:25 2026] Message sent in private chat
[Thu Apr 23 21:06:02 2026] User logged out
[Thu Apr 23 21:06:14 2026] User logged in: noor
[Thu Apr 23 21:15:28 2026] Application started
[Thu Apr 23 21:15:39 2026] User logged in: noor
[Thu Apr 23 21:23:15 2026] Application started
[Thu Apr 23 21:23:36 2026] User registered: sss
[Thu Apr 23 21:56:58 2026] Application started
[Thu Apr 23 21:57:10 2026] User registered: ddd
[Thu Apr 23 21:57:28 2026] User logged in: noor
[Thu Apr 23 21:58:07 2026] Message sent in private chat
[Fri Apr 24 12:44:47 2026] Application started
[Fri Apr 24 12:44:57 2026] User logged in: irfan
[Fri Apr 24 12:45:13 2026] Message sent in private chat
[Fri Apr 24 12:45:42 2026] User logged out
[Fri Apr 24 12:45:49 2026] User logged in: noor
[Fri Apr 24 12:54:14 2026] Application started
[Fri Apr 24 12:54:22 2026] User logged in: irfan
[Fri Apr 24 13:23:13 2026] Application started
[Fri Apr 24 13:23:22 2026] User logged in: irfan
[Fri Apr 24 13:24:18 2026] Application started
[Fri Apr 24 13:24:24 2026] User logged in: irfan
[Fri Apr 24 14:02:08 2026] Application started
[Fri Apr 24 14:02:18 2026] User logged in: irfan
[Fri Apr 24 14:09:47 2026] Application started
[Fri Apr 24 14:10:13 2026] Application started
[Fri Apr 24 14:10:21 2026] User logged in: irfan
[Fri Apr 24 14:10:39 2026] Message sent in private chat
[Fri Apr 24 14:10:51 2026] User logged out
[Fri Apr 24 14:10:59 2026] User logged in: noor
[Fri Apr 24 14:11:29 2026] Message sent in private chat
[Fri May  1 15:31:33 2026] Application started
[Fri May  1 15:32:29 2026] User registered: mokles
[Fri May  1 15:34:25 2026] Application started
[Fri May  1 15:35:45 2026] Application started
[Fri May  1 15:36:27 2026] User registered: noor
[Fri May  1 15:36:42 2026] User registered: irfan
[Fri May  1 15:36:49 2026] User logged in: noor
[Fri May  1 15:37:49 2026] Application started
[Fri May  1 15:38:06 2026] Application started
[Fri May  1 15:38:16 2026] User logged in: noor
[Fri May  1 15:38:54 2026] Application started
[Fri May  1 15:39:02 2026] User logged in: irfan
[Fri May  1 15:39:29 2026] Message sent in private chat
[Fri May  1 15:39:39 2026] Message sent in private chat
[Fri May  1 15:40:54 2026] User logged out
[Fri May  1 15:41:24 2026] User registered: afrozabegum
[Fri May  1 15:41:40 2026] User logged in: noor
[Fri May  1 15:42:21 2026] Message sent in private chat
[Fri May  1 15:45:30 2026] Message sent in private chat
[Fri May  1 15:47:07 2026] User logged out
[Fri May  1 15:47:25 2026] User logged in: afrozabegum
[Fri May  1 15:51:21 2026] Message sent in private chat
[Fri May  1 16:02:18 2026] Application started
[Fri May  1 16:02:33 2026] User registered: irfan
[Fri May  1 16:03:01 2026] User registered: noor
[Fri May  1 16:03:23 2026] User registered: sadman
[Fri May  1 16:16:52 2026] Application started
[Fri May  1 16:17:23 2026] User registered: noorejannat
[Fri May  1 16:17:40 2026] User logged in: noorejannat
[Fri May  1 16:17:44 2026] User logged out
[Fri May  1 16:18:12 2026] Password reset for: noorejannat
[Fri May  1 16:20:05 2026] Application started
[Fri May  1 16:20:47 2026] User registered: noor
[Fri May  1 16:21:43 2026] User registered: irfan
[Fri May  1 16:21:51 2026] User logged in: noor
[Fri May  1 16:22:07 2026] Message sent in private chat
[Fri May  1 16:22:10 2026] User logged out
[Fri May  1 16:22:17 2026] User logged in: irfan
[Fri May  1 16:22:44 2026] Message sent in private chat
[Fri May  1 16:22:51 2026] User logged out
[Fri May  1 16:23:16 2026] Password reset for: irfan
[Fri May  1 16:23:26 2026] User logged in: irfan
[Sat May  2 00:33:06 2026] Application started
[Sat May  2 12:09:10 2026] Application started
[Sat May  2 12:09:36 2026] User registered: martin
[Sat May  2 12:10:11 2026] User registered: eee
[Sat May  2 12:10:52 2026] User registered: selim
[Sat May  2 13:48:58 2026] Application started
[Sat May  2 13:49:20 2026] User registered: hito
[Sat May  2 13:49:31 2026] User logged in: hito
[Sat May  2 13:50:33 2026] User logged out
[Sat May  2 13:51:03 2026] User registered: test
[Sun May  3 12:26:55 2026] Application started
[Sun May  3 12:28:35 2026] User registered: alice
[Sun May  3 12:38:06 2026] Application started successfully.
[Sun May  3 12:38:48 2026] User registered successfully: diddy
[Sun May  3 12:38:57 2026] User logged in: diddy
[Sun May  3 12:39:25 2026] User logged out.
[Sun May  3 12:42:47 2026] Application started successfully.
[Sun May  3 21:52:00 2026] Application started successfully.
[Sun May  3 21:55:50 2026] Application started successfully.
[Sun May  3 21:57:39 2026] User registered successfully: irfansadik
[Sun May  3 21:58:51 2026] Application started successfully.
[Sun May  3 22:05:37 2026] Password reset successful for: irfansadik
[Sun May  3 22:09:00 2026] User registered successfully: irfan_2
[Sun May  3 22:09:14 2026] User logged in: irfan_2
[Sun May  3 22:15:04 2026] User logged out.
[Sun May  3 22:15:20 2026] User registered successfully: mawa
[Sun May  3 22:15:27 2026] User logged in: mawa
[Sun May  3 22:15:46 2026] Admin removed user: irfansadik
[Sun May  3 22:24:32 2026] Application started successfully.
[Sun May  3 22:24:55 2026] User registered successfully: motin
[Sun May  3 22:25:56 2026] Password reset successful for: motin
[Sun May  3 22:26:08 2026] User logged in: motin
